Status: 500
Response: Internal Server Error